[RED_KEYCARD] => [WOODEN_GATE, IVORY_GATE, DARK_GATE] 
[BLUE_KEYCARD] => [COPPER_GATE, IVORY_GATE, STEEL_GATE, LAVA_GATE] 
[YELLOW_KEYCARD] => [DARK_GATE, STEEL_GATE] 
[GREEN_KEYCARD] => [IVORY_GATE, STEEL_GATE, LAVA_GATE] 
